%!Adobe-FontList 1.24
%Locale:0x409

%BeginFont
Handler:DirectoryHandler
FontType:TrueType
FontName:Baskerville
FamilyName:Baskerville
StyleName:Regular
FullName:Baskerville
MenuName:Baskerville
StyleBits:0
WritingScript:Roman
OutlineFileName:D:\indesign_scr\docs\Document fonts\Baskerville.ttc
TTCOffset:48
DataFormat:sfntData
hasSVG:no
hasCOLR:no
VariableFontType:NonVariableFont
FileLength:1373016
FileModTime:1757018702
WeightClass:400
WidthClass:5
AngleClass:0
NameArray:0,Mac,4,Baskerville
NameArray:0,Win,1,Baskerville
%EndFont

%BeginFont
Handler:DirectoryHandler
FontType:TrueType
FontName:Baskerville-Bold
FamilyName:Baskerville
StyleName:Bold
FullName:Baskerville Bold
MenuName:Baskerville
StyleBits:2
WritingScript:Roman
OutlineFileName:D:\indesign_scr\docs\Document fonts\Baskerville.ttc
TTCOffset:284
DataFormat:sfntData
hasSVG:no
hasCOLR:no
VariableFontType:NonVariableFont
FileLength:1373016
FileModTime:1757018702
WeightClass:700
WidthClass:5
AngleClass:0
NameArray:0,Mac,4,Baskerville Bold
NameArray:0,Win,1,Baskerville
%EndFont

%BeginFont
Handler:DirectoryHandler
FontType:TrueType
FontName:Baskerville-BoldItalic
FamilyName:Baskerville
StyleName:Bold Italic
FullName:Baskerville Bold Italic
MenuName:Baskerville
StyleBits:3
WritingScript:Roman
OutlineFileName:D:\indesign_scr\docs\Document fonts\Baskerville.ttc
TTCOffset:772
DataFormat:sfntData
hasSVG:no
hasCOLR:no
VariableFontType:NonVariableFont
FileLength:1373016
FileModTime:1757018702
WeightClass:700
WidthClass:5
AngleClass:1
NameArray:0,Mac,4,Baskerville Bold Italic
NameArray:0,Win,1,Baskerville
%EndFont

%BeginFont
Handler:DirectoryHandler
FontType:TrueType
FontName:Baskerville-Italic
FamilyName:Baskerville
StyleName:Italic
FullName:Baskerville Italic
MenuName:Baskerville
StyleBits:1
WritingScript:Roman
OutlineFileName:D:\indesign_scr\docs\Document fonts\Baskerville.ttc
TTCOffset:520
DataFormat:sfntData
hasSVG:no
hasCOLR:no
VariableFontType:NonVariableFont
FileLength:1373016
FileModTime:1757018702
WeightClass:400
WidthClass:5
AngleClass:1
NameArray:0,Mac,4,Baskerville Italic
NameArray:0,Win,1,Baskerville
%EndFont

%BeginFont
Handler:DirectoryHandler
FontType:TrueType
FontName:Baskerville-SemiBold
FamilyName:Baskerville
StyleName:SemiBold
FullName:Baskerville SemiBold
MenuName:Baskerville
StyleBits:0
WritingScript:Roman
OutlineFileName:D:\indesign_scr\docs\Document fonts\Baskerville.ttc
TTCOffset:1024
DataFormat:sfntData
hasSVG:no
hasCOLR:no
VariableFontType:NonVariableFont
FileLength:1373016
FileModTime:1757018702
WeightClass:600
WidthClass:5
AngleClass:0
NameArray:0,Mac,4,Baskerville SemiBold
NameArray:0,Win,1,Baskerville
%EndFont

%BeginFont
Handler:DirectoryHandler
FontType:TrueType
FontName:Baskerville-SemiBoldItalic
FamilyName:Baskerville
StyleName:SemiBold Italic
FullName:Baskerville SemiBold Italic
MenuName:Baskerville
StyleBits:1
WritingScript:Roman
OutlineFileName:D:\indesign_scr\docs\Document fonts\Baskerville.ttc
TTCOffset:1260
DataFormat:sfntData
hasSVG:no
hasCOLR:no
VariableFontType:NonVariableFont
FileLength:1373016
FileModTime:1757018702
WeightClass:600
WidthClass:5
AngleClass:1
NameArray:0,Mac,4,Baskerville SemiBold Italic
NameArray:0,Win,1,Baskerville
%EndFont

%BeginFont
Handler:DirectoryHandler
FontType:TrueType
FontName:Arial-BoldMT
FamilyName:Arial
StyleName:Bold
FullName:Arial Bold
MenuName:Arial
StyleBits:2
WritingScript:Roman
OutlineFileName:D:\indesign_scr\docs\Document fonts\Arial Bold.ttf
DataFormat:sfntData
hasSVG:no
hasCOLR:no
VariableFontType:NonVariableFont
FileLength:750984
FileModTime:1746998384
WeightClass:700
WidthClass:5
AngleClass:0
NameArray:0,Mac,4,Arial Bold
NameArray:0,Win,1,Arial
%EndFont

%BeginFont
Handler:DirectoryHandler
FontType:TrueType
FontName:ArialMT
FamilyName:Arial
StyleName:Regular
FullName:Arial
MenuName:Arial
StyleBits:0
WritingScript:Roman
OutlineFileName:D:\indesign_scr\docs\Document fonts\Arial.ttf
DataFormat:sfntData
hasSVG:no
hasCOLR:no
VariableFontType:NonVariableFont
FileLength:773236
FileModTime:1746998384
WeightClass:400
WidthClass:5
AngleClass:0
NameArray:0,Mac,4,Arial
NameArray:0,Win,1,Arial
%EndFont

%BeginFont
Handler:DirectoryHandler
FontType:TrueType
FontName:Inter-Bold
FamilyName:Inter
StyleName:Bold
FullName:Inter Bold
MenuName:Inter
StyleBits:2
WritingScript:Roman
OutlineFileName:D:\indesign_scr\docs\Document fonts\Inter-Bold.ttf
DataFormat:sfntData
hasSVG:no
hasCOLR:no
VariableFontType:NonVariableFont
FileLength:316584
FileModTime:1694694438
WeightClass:700
WidthClass:5
AngleClass:0
NameArray:0,Win,1,Inter
%EndFont

%BeginFont
Handler:DirectoryHandler
FontType:TrueType
FontName:Inter-ExtraBold
FamilyName:Inter
StyleName:ExtraBold
FullName:Inter ExtraBold
MenuName:Inter ExtraBold
StyleBits:0
WritingScript:Roman
OutlineFileName:D:\indesign_scr\docs\Document fonts\Inter-ExtraBold.ttf
DataFormat:sfntData
hasSVG:no
hasCOLR:no
VariableFontType:NonVariableFont
FileLength:317184
FileModTime:1694694438
WeightClass:800
WidthClass:5
AngleClass:0
NameArray:0,Win,1,Inter ExtraBold
NameArray:0,Win,16,Inter
%EndFont

%BeginFont
Handler:DirectoryHandler
FontType:TrueType
FontName:Inter-Light
FamilyName:Inter
StyleName:Light
FullName:Inter Light
MenuName:Inter Light
StyleBits:0
WritingScript:Roman
OutlineFileName:D:\indesign_scr\docs\Document fonts\Inter-Light.ttf
DataFormat:sfntData
hasSVG:no
hasCOLR:no
VariableFontType:NonVariableFont
FileLength:310832
FileModTime:1694694438
WeightClass:300
WidthClass:5
AngleClass:0
NameArray:0,Win,1,Inter Light
NameArray:0,Win,16,Inter
%EndFont

%BeginFont
Handler:DirectoryHandler
FontType:TrueType
FontName:Inter-Medium
FamilyName:Inter
StyleName:Medium
FullName:Inter Medium
MenuName:Inter Medium
StyleBits:0
WritingScript:Roman
OutlineFileName:D:\indesign_scr\docs\Document fonts\Inter-Medium.ttf
DataFormat:sfntData
hasSVG:no
hasCOLR:no
VariableFontType:NonVariableFont
FileLength:315132
FileModTime:1694694438
WeightClass:500
WidthClass:5
AngleClass:0
NameArray:0,Win,1,Inter Medium
NameArray:0,Win,16,Inter
%EndFont

%BeginFont
Handler:DirectoryHandler
FontType:TrueType
FontName:Inter-SemiBold
FamilyName:Inter
StyleName:SemiBold
FullName:Inter SemiBold
MenuName:Inter SemiBold
StyleBits:0
WritingScript:Roman
OutlineFileName:D:\indesign_scr\docs\Document fonts\Inter-SemiBold.ttf
DataFormat:sfntData
hasSVG:no
hasCOLR:no
VariableFontType:NonVariableFont
FileLength:316220
FileModTime:1694694438
WeightClass:600
WidthClass:5
AngleClass:0
NameArray:0,Win,1,Inter SemiBold
NameArray:0,Win,16,Inter
%EndFont

%BeginFont
Handler:DirectoryHandler
FontType:TrueType
FontName:Inter-Regular
FamilyName:Inter
StyleName:Regular
FullName:Inter Regular
MenuName:Inter
FamilyPrefix:Inter
StyleBits:0
WritingScript:Roman
OutlineFileName:D:\indesign_scr\docs\Document fonts\Inter-VariableFont_slnt,wght.ttf
DataFormat:sfntData
hasSVG:no
hasCOLR:no
VariableFontType:TrueTypeVariableFont
FileLength:804612
FileModTime:1746998384
WeightClass:400
WidthClass:5
AngleClass:0
NameArray:0,Win,1,Inter
%EndFont

%BeginFont
Handler:DirectoryHandler
FontType:Type1
FontName:MinionPro-Regular
FamilyName:Minion Pro
StyleName:Regular
FullName:Minion Pro
MenuName:Minion Pro
StyleBits:0
WritingScript:Roman
OutlineFileName:D:\indesign_scr\docs\Document fonts\MinionPro-Regular 2.otf
DataFormat:sfntData
UsesStandardEncoding:yes
isCFF:yes
hasSVG:no
hasCOLR:no
VariableFontType:NonVariableFont
FileLength:218640
FileModTime:1410128454
WeightClass:400
WidthClass:5
AngleClass:0
DesignSize:110
NameArray:0,Mac,4,Minion Pro
NameArray:0,Win,1,Minion Pro
%EndFont

%BeginFont
Handler:DirectoryHandler
FontType:Type1
FontName:MinionPro-Regular
FamilyName:Minion Pro
StyleName:Regular
FullName:Minion Pro
MenuName:Minion Pro
StyleBits:0
WritingScript:Roman
OutlineFileName:D:\indesign_scr\docs\Document fonts\MinionPro-Regular.otf
DataFormat:sfntData
UsesStandardEncoding:yes
isCFF:yes
hasSVG:no
hasCOLR:no
VariableFontType:NonVariableFont
FileLength:218640
FileModTime:1757018702
WeightClass:400
WidthClass:5
AngleClass:0
DesignSize:110
NameArray:0,Mac,4,Minion Pro
NameArray:0,Win,1,Minion Pro
%EndFont

%BeginFont
Handler:DirectoryHandler
FontType:TrueType
FontName:RedHatDisplay-Black
FamilyName:Red Hat Display
StyleName:Black
FullName:Red Hat Display Black
MenuName:Red Hat Display Black
StyleBits:0
WritingScript:Roman
OutlineFileName:D:\indesign_scr\docs\Document fonts\RedHatDisplayBlack.ttf
DataFormat:sfntData
hasSVG:no
hasCOLR:no
VariableFontType:NonVariableFont
FileLength:47324
FileModTime:1662392586
WeightClass:900
WidthClass:5
AngleClass:0
NameArray:0,Win,1,Red Hat Display Black
NameArray:0,Win,16,Red Hat Display
%EndFont

%BeginFont
Handler:DirectoryHandler
FontType:TrueType
FontName:RedHatDisplay-Bold
FamilyName:Red Hat Display
StyleName:Bold
FullName:Red Hat Display Bold
MenuName:Red Hat Display
StyleBits:2
WritingScript:Roman
OutlineFileName:D:\indesign_scr\docs\Document fonts\RedHatDisplayBold.ttf
DataFormat:sfntData
hasSVG:no
hasCOLR:no
VariableFontType:NonVariableFont
FileLength:47320
FileModTime:1662392586
WeightClass:700
WidthClass:5
AngleClass:0
NameArray:0,Win,1,Red Hat Display
%EndFont

%BeginFont
Handler:DirectoryHandler
FontType:TrueType
FontName:RedHatDisplay-Medium
FamilyName:Red Hat Display
StyleName:Medium
FullName:Red Hat Display Medium
MenuName:Red Hat Display Medium
StyleBits:0
WritingScript:Roman
OutlineFileName:D:\indesign_scr\docs\Document fonts\RedHatDisplayMedium.ttf
DataFormat:sfntData
hasSVG:no
hasCOLR:no
VariableFontType:NonVariableFont
FileLength:47388
FileModTime:1662392588
WeightClass:500
WidthClass:5
AngleClass:0
NameArray:0,Win,1,Red Hat Display Medium
NameArray:0,Win,16,Red Hat Display
%EndFont

%BeginFont
Handler:DirectoryHandler
FontType:TrueType
FontName:RedHatDisplay-SemiBold
FamilyName:Red Hat Display
StyleName:SemiBold
FullName:Red Hat Display SemiBold
MenuName:Red Hat Display SemiBold
StyleBits:0
WritingScript:Roman
OutlineFileName:D:\indesign_scr\docs\Document fonts\RedHatDisplaySemiBold.ttf
DataFormat:sfntData
hasSVG:no
hasCOLR:no
VariableFontType:NonVariableFont
FileLength:47396
FileModTime:1662392588
WeightClass:600
WidthClass:5
AngleClass:0
NameArray:0,Win,1,Red Hat Display SemiBold
NameArray:0,Win,16,Red Hat Display
%EndFont

%BeginFont
Handler:DirectoryHandler
FontType:TrueType
FontName:TimesNewRomanPS-BoldItalicMT
FamilyName:Times New Roman
StyleName:Bold Italic
FullName:Times New Roman Bold Italic
MenuName:Times New Roman
StyleBits:3
WritingScript:Roman
OutlineFileName:D:\indesign_scr\docs\Document fonts\Times New Roman Bold Italic.ttf
DataFormat:sfntData
hasSVG:no
hasCOLR:no
VariableFontType:NonVariableFont
FileLength:620008
FileModTime:1758065466
WeightClass:700
WidthClass:5
AngleClass:1
NameArray:0,Mac,4,Times New Roman Bold Italic
NameArray:0,Win,1,Times New Roman
%EndFont

%BeginFont
Handler:DirectoryHandler
FontType:TrueType
FontName:TimesNewRomanPS-BoldMT
FamilyName:Times New Roman
StyleName:Bold
FullName:Times New Roman Bold
MenuName:Times New Roman
StyleBits:2
WritingScript:Roman
OutlineFileName:D:\indesign_scr\docs\Document fonts\Times New Roman Bold.ttf
DataFormat:sfntData
hasSVG:no
hasCOLR:no
VariableFontType:NonVariableFont
FileLength:842168
FileModTime:1758065466
WeightClass:700
WidthClass:5
AngleClass:0
NameArray:0,Mac,4,Times New Roman Bold
NameArray:0,Win,1,Times New Roman
%EndFont

%BeginFont
Handler:DirectoryHandler
FontType:TrueType
FontName:TimesNewRomanPS-ItalicMT
FamilyName:Times New Roman
StyleName:Italic
FullName:Times New Roman Italic
MenuName:Times New Roman
StyleBits:1
WritingScript:Roman
OutlineFileName:D:\indesign_scr\docs\Document fonts\Times New Roman Italic.ttf
DataFormat:sfntData
hasSVG:no
hasCOLR:no
VariableFontType:NonVariableFont
FileLength:660268
FileModTime:1758065466
WeightClass:400
WidthClass:5
AngleClass:1
NameArray:0,Mac,4,Times New Roman Italic
NameArray:0,Win,1,Times New Roman
%EndFont

%BeginFont
Handler:DirectoryHandler
FontType:TrueType
FontName:TimesNewRomanPSMT
FamilyName:Times New Roman
StyleName:Regular
FullName:Times New Roman
MenuName:Times New Roman
StyleBits:0
WritingScript:Roman
OutlineFileName:D:\indesign_scr\docs\Document fonts\Times New Roman.ttf
DataFormat:sfntData
hasSVG:no
hasCOLR:no
VariableFontType:NonVariableFont
FileLength:834452
FileModTime:1758065466
WeightClass:400
WidthClass:5
AngleClass:0
NameArray:0,Mac,4,Times New Roman
NameArray:0,Win,1,Times New Roman
%EndFont

%BeginFont
Handler:DirectoryHandler
FontType:TrueType
FontName:Helvetica
FamilyName:Helvetica
StyleName:Regular
FullName:Helvetica
MenuName:Helvetica
StyleBits:0
WritingScript:Roman
OutlineFileName:D:\indesign_scr\docs\Document fonts\Helvetica.ttc
TTCOffset:48
DataFormat:sfntData
hasSVG:no
hasCOLR:no
VariableFontType:NonVariableFont
FileLength:2369592
FileModTime:1757018702
WeightClass:400
WidthClass:5
AngleClass:0
NameArray:0,Mac,18,Helvetica
NameArray:0,Mac,4,Helvetica
%EndFont

%BeginFont
Handler:DirectoryHandler
FontType:TrueType
FontName:Helvetica-Bold
FamilyName:Helvetica
StyleName:Bold
FullName:Helvetica Bold
MenuName:Helvetica
StyleBits:2
WritingScript:Roman
OutlineFileName:D:\indesign_scr\docs\Document fonts\Helvetica.ttc
TTCOffset:380
DataFormat:sfntData
hasSVG:no
hasCOLR:no
VariableFontType:NonVariableFont
FileLength:2369592
FileModTime:1757018702
WeightClass:700
WidthClass:5
AngleClass:0
NameArray:0,Mac,4,Helvetica Bold
NameArray:0,Mac,4,Helvetica lihava
NameArray:0,Mac,4,Helvetica Gras
NameArray:0,Mac,4,Helvetica Fett
NameArray:0,Mac,4,Helvetica grassetto
NameArray:0,Mac,4,Helvetica vet
NameArray:0,Mac,4,Helvetica Fet
NameArray:0,Mac,4,Helvetica Negrita
NameArray:0,Mac,4,Helvetica Carregado
NameArray:0,Mac,4,Helvetica Halvfet
NameArray:0,Mac,18,Helvetica Bold
NameArray:4,Mac,4,Helvetica أسèد
NameArray:4,Mac,4,Helvetica برجستç
NameArray:5,Mac,4,Helvetica עבה
%EndFont

%BeginFont
Handler:DirectoryHandler
FontType:TrueType
FontName:Helvetica-BoldOblique
FamilyName:Helvetica
StyleName:Bold Oblique
FullName:Helvetica Bold Oblique
MenuName:Helvetica
StyleBits:3
WritingScript:Roman
OutlineFileName:D:\indesign_scr\docs\Document fonts\Helvetica.ttc
TTCOffset:1028
DataFormat:sfntData
hasSVG:no
hasCOLR:no
VariableFontType:NonVariableFont
FileLength:2369592
FileModTime:1757018702
WeightClass:700
WidthClass:5
AngleClass:0
NameArray:0,Mac,18,Helvetica Bold Oblique
NameArray:0,Mac,4,Helvetica Bold Oblique
%EndFont

%BeginFont
Handler:DirectoryHandler
FontType:TrueType
FontName:Helvetica-Light
FamilyName:Helvetica
StyleName:Light
FullName:Helvetica Light
MenuName:Helvetica
StyleBits:0
WritingScript:Roman
OutlineFileName:D:\indesign_scr\docs\Document fonts\Helvetica.ttc
TTCOffset:1344
DataFormat:sfntData
hasSVG:no
hasCOLR:no
VariableFontType:NonVariableFont
FileLength:2369592
FileModTime:1757018702
WeightClass:300
WidthClass:5
AngleClass:0
NameArray:0,Mac,18,Helvetica Light
NameArray:0,Mac,4,Helvetica Light
%EndFont

%BeginFont
Handler:DirectoryHandler
FontType:TrueType
FontName:Helvetica-LightOblique
FamilyName:Helvetica
StyleName:Light Oblique
FullName:Helvetica Light Oblique
MenuName:Helvetica
StyleBits:1
WritingScript:Roman
OutlineFileName:D:\indesign_scr\docs\Document fonts\Helvetica.ttc
TTCOffset:1644
DataFormat:sfntData
hasSVG:no
hasCOLR:no
VariableFontType:NonVariableFont
FileLength:2369592
FileModTime:1757018702
WeightClass:300
WidthClass:5
AngleClass:1
NameArray:0,Mac,18,Helvetica Light Oblique
NameArray:0,Mac,4,Helvetica Light Oblique
%EndFont

%BeginFont
Handler:DirectoryHandler
FontType:TrueType
FontName:Helvetica-Oblique
FamilyName:Helvetica
StyleName:Oblique
FullName:Helvetica Oblique
MenuName:Helvetica
StyleBits:1
WritingScript:Roman
OutlineFileName:D:\indesign_scr\docs\Document fonts\Helvetica.ttc
TTCOffset:696
DataFormat:sfntData
hasSVG:no
hasCOLR:no
VariableFontType:NonVariableFont
FileLength:2369592
FileModTime:1757018702
WeightClass:400
WidthClass:5
AngleClass:1
NameArray:0,Mac,18,Helvetica Oblique
NameArray:0,Mac,4,Helvetica Oblique
%EndFont

